candidate covers 5824 of 5826 matched rows; dropped 2
rows=5824 weeks=17 players=563 | sd week=0.007 game=0.087 player=0.415 resid=2.358

1. synthetic coverage (nominal 0.95)
  week_sd x1 mu=0.00: player 2s=0.951 ub=0.959 lb=0.947 | week 2s=0.896 | twoway 2s=0.996
  week_sd x1 mu=0.10: player 2s=0.953 ub=0.957 lb=0.963 | week 2s=0.879 | twoway 2s=0.996
  week_sd x1 mu=0.20: player 2s=0.949 ub=0.949 lb=0.944 | week 2s=0.858 | twoway 2s=0.996
  week_sd x2 mu=0.00: player 2s=0.947 ub=0.958 lb=0.946 | week 2s=0.887 | twoway 2s=0.991
  week_sd x2 mu=0.10: player 2s=0.948 ub=0.941 lb=0.950 | week 2s=0.862 | twoway 2s=1.000
  week_sd x2 mu=0.20: player 2s=0.961 ub=0.962 lb=0.938 | week 2s=0.886 | twoway 2s=0.996
  week_sd x4 mu=0.00: player 2s=0.934 ub=0.929 lb=0.949 | week 2s=0.858 | twoway 2s=0.996
  week_sd x4 mu=0.10: player 2s=0.934 ub=0.951 lb=0.934 | week 2s=0.863 | twoway 2s=1.000
  week_sd x4 mu=0.20: player 2s=0.950 ub=0.948 lb=0.944 | week 2s=0.868 | twoway 2s=0.996

== null: 2025 matched set  (R=200, B=1000)
   block rate: [any LB fail]=0.19  [>=2 LB fails]=0.04  [>=3 LB fails]=0.01  [any LB or fixed backstop]=0.84  [any scaled backstop]=0.00  [>=2 LB or any scaled backstop]=0.04  [>=3 LB or any scaled backstop]=0.01
   #LB-failing cells distribution: [162, 29, 8, 0, 1]
   RMSE                         point=-0.002 sd=0.049 lb_fail=0.00 fixed_bs=0.01 scaled_bs=0.00
   MAE QB                       point=-0.008 sd=0.187 lb_fail=0.01 fixed_bs=0.28 scaled_bs=0.00
   MAE RB                       point=+0.006 sd=0.082 lb_fail=0.01 fixed_bs=0.10 scaled_bs=0.00
   MAE WR                       point=+0.002 sd=0.058 lb_fail=0.01 fixed_bs=0.06 scaled_bs=0.00
   MAE TE                       point=-0.008 sd=0.051 lb_fail=0.00 fixed_bs=0.01 scaled_bs=0.00
   MAE tier_roll3 1-12          point=+0.000 sd=0.116 lb_fail=0.01 fixed_bs=0.17 scaled_bs=0.00
   MAE tier_roll3 13-36         point=-0.001 sd=0.079 lb_fail=0.01 fixed_bs=0.09 scaled_bs=0.00
   MAE tier_served 1-12         point=-0.013 sd=0.132 lb_fail=0.00 fixed_bs=0.21 scaled_bs=0.00
   MAE tier_served 13-36        point=+0.005 sd=0.085 lb_fail=0.00 fixed_bs=0.14 scaled_bs=0.00
   |bias| overall               point=-0.001 sd=0.086 lb_fail=0.04 fixed_bs=0.12 scaled_bs=0.00
   |bias| tier_roll3 1-12       point=-0.004 sd=0.136 lb_fail=0.00 fixed_bs=0.36 scaled_bs=0.00
   |bias| tier_roll3 13-36      point=-0.006 sd=0.183 lb_fail=0.04 fixed_bs=0.28 scaled_bs=0.00
   |bias| tier_roll3 37+        point=+0.004 sd=0.091 lb_fail=0.04 fixed_bs=0.14 scaled_bs=0.00
   |bias| tier_served 1-12      point=-0.016 sd=0.328 lb_fail=0.00 fixed_bs=0.38 scaled_bs=0.00
   |bias| tier_served 13-36     point=+0.000 sd=0.185 lb_fail=0.03 fixed_bs=0.28 scaled_bs=0.00
   |bias| tier_served 37+       point=+0.002 sd=0.065 lb_fail=0.03 fixed_bs=0.07 scaled_bs=0.00
   Spearman                     point=-0.000 sd=0.009 lb_fail=0.04 fixed_bs=0.00 scaled_bs=0.00

== null: 8-week forward window, weeks 6-13  (R=100, B=1000)
   block rate: [any LB fail]=0.18  [>=2 LB fails]=0.05  [>=3 LB fails]=0.00  [any LB or fixed backstop]=0.93  [any scaled backstop]=0.00  [>=2 LB or any scaled backstop]=0.05  [>=3 LB or any scaled backstop]=0.00
   #LB-failing cells distribution: [82, 13, 5]
   RMSE                         point=+0.001 sd=0.081 lb_fail=0.00 fixed_bs=0.12 scaled_bs=0.00
   MAE QB                       point=-0.019 sd=0.303 lb_fail=0.03 fixed_bs=0.31 scaled_bs=0.00
   MAE RB                       point=-0.007 sd=0.103 lb_fail=0.00 fixed_bs=0.15 scaled_bs=0.00
   MAE WR                       point=+0.008 sd=0.095 lb_fail=0.02 fixed_bs=0.14 scaled_bs=0.00
   MAE TE                       point=+0.004 sd=0.075 lb_fail=0.00 fixed_bs=0.14 scaled_bs=0.00
   MAE tier_roll3 1-12          point=+0.007 sd=0.164 lb_fail=0.00 fixed_bs=0.27 scaled_bs=0.00
   MAE tier_roll3 13-36         point=-0.025 sd=0.127 lb_fail=0.01 fixed_bs=0.14 scaled_bs=0.00
   MAE tier_served 1-12         point=-0.014 sd=0.217 lb_fail=0.00 fixed_bs=0.36 scaled_bs=0.00
   MAE tier_served 13-36        point=-0.003 sd=0.132 lb_fail=0.00 fixed_bs=0.26 scaled_bs=0.00
   |bias| overall               point=+0.002 sd=0.095 lb_fail=0.01 fixed_bs=0.13 scaled_bs=0.00
   |bias| tier_roll3 1-12       point=+0.000 sd=0.017 lb_fail=0.00 fixed_bs=0.00 scaled_bs=0.00
   |bias| tier_roll3 13-36      point=+0.026 sd=0.183 lb_fail=0.02 fixed_bs=0.37 scaled_bs=0.00
   |bias| tier_roll3 37+        point=-0.011 sd=0.108 lb_fail=0.03 fixed_bs=0.16 scaled_bs=0.00
   |bias| tier_served 1-12      point=-0.025 sd=0.378 lb_fail=0.00 fixed_bs=0.37 scaled_bs=0.00
   |bias| tier_served 13-36     point=+0.045 sd=0.219 lb_fail=0.02 fixed_bs=0.44 scaled_bs=0.00
   |bias| tier_served 37+       point=-0.013 sd=0.078 lb_fail=0.00 fixed_bs=0.06 scaled_bs=0.00
   Spearman                     point=+0.001 sd=0.015 lb_fail=0.09 fixed_bs=0.00 scaled_bs=0.00

== null: 2025 matched set (fresh draws)  (R=200, B=1000)
   block rate: [any LB fail]=0.14  [>=2 LB fails]=0.04  [>=3 LB fails]=0.02  [any LB or fixed backstop]=0.90  [any scaled backstop]=0.01  [>=2 LB or any scaled backstop]=0.05  [>=3 LB or any scaled backstop]=0.03
   #LB-failing cells distribution: [173, 19, 4, 3, 1]
   RMSE                         point=-0.004 sd=0.045 lb_fail=0.01 fixed_bs=0.01 scaled_bs=0.00
   MAE QB                       point=+0.006 sd=0.183 lb_fail=0.01 fixed_bs=0.28 scaled_bs=0.00
   MAE RB                       point=+0.002 sd=0.077 lb_fail=0.00 fixed_bs=0.09 scaled_bs=0.00
   MAE WR                       point=-0.002 sd=0.050 lb_fail=0.00 fixed_bs=0.03 scaled_bs=0.00
   MAE TE                       point=+0.006 sd=0.047 lb_fail=0.01 fixed_bs=0.02 scaled_bs=0.01
   MAE tier_roll3 1-12          point=-0.001 sd=0.110 lb_fail=0.01 fixed_bs=0.18 scaled_bs=0.00
   MAE tier_roll3 13-36         point=-0.003 sd=0.072 lb_fail=0.00 fixed_bs=0.09 scaled_bs=0.00
   MAE tier_served 1-12         point=-0.008 sd=0.113 lb_fail=0.00 fixed_bs=0.20 scaled_bs=0.00
   MAE tier_served 13-36        point=+0.003 sd=0.082 lb_fail=0.00 fixed_bs=0.13 scaled_bs=0.00
   |bias| overall               point=-0.006 sd=0.076 lb_fail=0.03 fixed_bs=0.09 scaled_bs=0.00
   |bias| tier_roll3 1-12       point=+0.006 sd=0.139 lb_fail=0.00 fixed_bs=0.39 scaled_bs=0.00
   |bias| tier_roll3 13-36      point=+0.003 sd=0.151 lb_fail=0.01 fixed_bs=0.29 scaled_bs=0.00
   |bias| tier_roll3 37+        point=-0.012 sd=0.081 lb_fail=0.03 fixed_bs=0.08 scaled_bs=0.00
   |bias| tier_served 1-12      point=-0.008 sd=0.341 lb_fail=0.00 fixed_bs=0.36 scaled_bs=0.01
   |bias| tier_served 13-36     point=-0.006 sd=0.159 lb_fail=0.01 fixed_bs=0.27 scaled_bs=0.00
   |bias| tier_served 37+       point=-0.005 sd=0.068 lb_fail=0.02 fixed_bs=0.04 scaled_bs=0.00
   Spearman                     point=+0.000 sd=0.009 lb_fail=0.07 fixed_bs=0.00 scaled_bs=0.00

== null: 8-week forward window, weeks 6-13 (fresh draws)  (R=100, B=1000)
   block rate: [any LB fail]=0.15  [>=2 LB fails]=0.02  [>=3 LB fails]=0.01  [any LB or fixed backstop]=0.87  [any scaled backstop]=0.02  [>=2 LB or any scaled backstop]=0.03  [>=3 LB or any scaled backstop]=0.02
   #LB-failing cells distribution: [85, 13, 1, 1]
   RMSE                         point=-0.011 sd=0.081 lb_fail=0.01 fixed_bs=0.12 scaled_bs=0.00
   MAE QB                       point=-0.032 sd=0.275 lb_fail=0.01 fixed_bs=0.35 scaled_bs=0.00
   MAE RB                       point=-0.002 sd=0.115 lb_fail=0.01 fixed_bs=0.18 scaled_bs=0.01
   MAE WR                       point=-0.002 sd=0.092 lb_fail=0.00 fixed_bs=0.11 scaled_bs=0.00
   MAE TE                       point=-0.002 sd=0.069 lb_fail=0.00 fixed_bs=0.07 scaled_bs=0.00
   MAE tier_roll3 1-12          point=+0.009 sd=0.163 lb_fail=0.00 fixed_bs=0.24 scaled_bs=0.00
   MAE tier_roll3 13-36         point=-0.031 sd=0.103 lb_fail=0.00 fixed_bs=0.09 scaled_bs=0.00
   MAE tier_served 1-12         point=-0.038 sd=0.232 lb_fail=0.02 fixed_bs=0.29 scaled_bs=0.00
   MAE tier_served 13-36        point=-0.003 sd=0.131 lb_fail=0.00 fixed_bs=0.20 scaled_bs=0.00
   |bias| overall               point=-0.006 sd=0.105 lb_fail=0.03 fixed_bs=0.14 scaled_bs=0.00
   |bias| tier_roll3 1-12       point=-0.000 sd=0.017 lb_fail=0.00 fixed_bs=0.00 scaled_bs=0.00
   |bias| tier_roll3 13-36      point=-0.017 sd=0.189 lb_fail=0.00 fixed_bs=0.29 scaled_bs=0.00
   |bias| tier_roll3 37+        point=-0.000 sd=0.116 lb_fail=0.03 fixed_bs=0.20 scaled_bs=0.00
   |bias| tier_served 1-12      point=+0.005 sd=0.416 lb_fail=0.00 fixed_bs=0.43 scaled_bs=0.00
   |bias| tier_served 13-36     point=-0.015 sd=0.218 lb_fail=0.01 fixed_bs=0.33 scaled_bs=0.00
   |bias| tier_served 37+       point=-0.005 sd=0.085 lb_fail=0.01 fixed_bs=0.10 scaled_bs=0.01
   Spearman                     point=-0.000 sd=0.014 lb_fail=0.05 fixed_bs=0.00 scaled_bs=0.00

== null: 8-week forward window, weeks 9-16  (R=100, B=1000)
   block rate: [any LB fail]=0.08  [>=2 LB fails]=0.02  [>=3 LB fails]=0.01  [any LB or fixed backstop]=0.89  [any scaled backstop]=0.01  [>=2 LB or any scaled backstop]=0.03  [>=3 LB or any scaled backstop]=0.02
   #LB-failing cells distribution: [92, 6, 1, 0, 1]
   RMSE                         point=-0.001 sd=0.079 lb_fail=0.00 fixed_bs=0.10 scaled_bs=0.00
   MAE QB                       point=+0.002 sd=0.282 lb_fail=0.00 fixed_bs=0.40 scaled_bs=0.00
   MAE RB                       point=-0.001 sd=0.121 lb_fail=0.00 fixed_bs=0.20 scaled_bs=0.00
   MAE WR                       point=+0.008 sd=0.076 lb_fail=0.00 fixed_bs=0.09 scaled_bs=0.00
   MAE TE                       point=-0.006 sd=0.081 lb_fail=0.00 fixed_bs=0.12 scaled_bs=0.00
   MAE tier_roll3 1-12          point=-0.026 sd=0.168 lb_fail=0.00 fixed_bs=0.25 scaled_bs=0.00
   MAE tier_roll3 13-36         point=+0.004 sd=0.134 lb_fail=0.00 fixed_bs=0.25 scaled_bs=0.00
   MAE tier_served 1-12         point=-0.011 sd=0.201 lb_fail=0.01 fixed_bs=0.27 scaled_bs=0.00
   MAE tier_served 13-36        point=+0.003 sd=0.135 lb_fail=0.01 fixed_bs=0.25 scaled_bs=0.00
   |bias| overall               point=-0.000 sd=0.107 lb_fail=0.02 fixed_bs=0.17 scaled_bs=0.00
   |bias| tier_roll3 1-12       point=-0.004 sd=0.041 lb_fail=0.00 fixed_bs=0.00 scaled_bs=0.00
   |bias| tier_roll3 13-36      point=+0.002 sd=0.216 lb_fail=0.02 fixed_bs=0.34 scaled_bs=0.01
   |bias| tier_roll3 37+        point=+0.005 sd=0.115 lb_fail=0.01 fixed_bs=0.19 scaled_bs=0.00
   |bias| tier_served 1-12      point=+0.049 sd=0.418 lb_fail=0.00 fixed_bs=0.45 scaled_bs=0.00
   |bias| tier_served 13-36     point=-0.002 sd=0.211 lb_fail=0.01 fixed_bs=0.28 scaled_bs=0.00
   |bias| tier_served 37+       point=-0.011 sd=0.094 lb_fail=0.00 fixed_bs=0.12 scaled_bs=0.00
   Spearman                     point=-0.000 sd=0.014 lb_fail=0.04 fixed_bs=0.00 scaled_bs=0.00

== regression: random 25% of players, full-size noise  (R=100, B=1000)
   block rate: [any LB fail]=1.00  [>=2 LB fails]=0.88  [>=3 LB fails]=0.80  [any LB or fixed backstop]=1.00  [any scaled backstop]=0.97  [>=2 LB or any scaled backstop]=0.98  [>=3 LB or any scaled backstop]=0.97
   #LB-failing cells distribution: [0, 12, 8, 20, 28, 21, 7, 3, 0, 0, 0, 1]
   RMSE                         point=+0.167 sd=0.053 lb_fail=0.69 fixed_bs=0.89 scaled_bs=0.67
   MAE QB                       point=+0.078 sd=0.194 lb_fail=0.03 fixed_bs=0.47 scaled_bs=0.01
   MAE RB                       point=+0.165 sd=0.089 lb_fail=0.31 fixed_bs=0.74 scaled_bs=0.21
   MAE WR                       point=+0.186 sd=0.061 lb_fail=0.66 fixed_bs=0.90 scaled_bs=0.59
   MAE TE                       point=+0.246 sd=0.071 lb_fail=0.88 fixed_bs=0.98 scaled_bs=0.92
   MAE tier_roll3 1-12          point=+0.100 sd=0.128 lb_fail=0.04 fixed_bs=0.54 scaled_bs=0.04
   MAE tier_roll3 13-36         point=+0.113 sd=0.082 lb_fail=0.10 fixed_bs=0.59 scaled_bs=0.08
   MAE tier_served 1-12         point=+0.126 sd=0.136 lb_fail=0.03 fixed_bs=0.53 scaled_bs=0.02
   MAE tier_served 13-36        point=+0.100 sd=0.104 lb_fail=0.08 fixed_bs=0.53 scaled_bs=0.06
   |bias| overall               point=+0.012 sd=0.086 lb_fail=0.03 fixed_bs=0.13 scaled_bs=0.00
   |bias| tier_roll3 1-12       point=+0.009 sd=0.142 lb_fail=0.00 fixed_bs=0.37 scaled_bs=0.00
   |bias| tier_roll3 13-36      point=+0.024 sd=0.166 lb_fail=0.01 fixed_bs=0.34 scaled_bs=0.00
   |bias| tier_roll3 37+        point=+0.006 sd=0.091 lb_fail=0.04 fixed_bs=0.13 scaled_bs=0.00
   |bias| tier_served 1-12      point=+0.068 sd=0.329 lb_fail=0.00 fixed_bs=0.47 scaled_bs=0.00
   |bias| tier_served 13-36     point=+0.021 sd=0.190 lb_fail=0.02 fixed_bs=0.39 scaled_bs=0.00
   |bias| tier_served 37+       point=-0.006 sd=0.067 lb_fail=0.01 fixed_bs=0.10 scaled_bs=0.00
   Spearman                     point=+0.028 sd=0.010 lb_fail=0.86 fixed_bs=0.00 scaled_bs=0.00

== regression, forward weeks 6-13: random 25% of players, full-size noise  (R=50, B=1000)
   block rate: [any LB fail]=0.82  [>=2 LB fails]=0.48  [>=3 LB fails]=0.28  [any LB or fixed backstop]=1.00  [any scaled backstop]=0.66  [>=2 LB or any scaled backstop]=0.68  [>=3 LB or any scaled backstop]=0.66
   #LB-failing cells distribution: [9, 17, 10, 5, 6, 2, 0, 1]
   RMSE                         point=+0.161 sd=0.074 lb_fail=0.26 fixed_bs=0.82 scaled_bs=0.14
   MAE QB                       point=+0.181 sd=0.316 lb_fail=0.06 fixed_bs=0.54 scaled_bs=0.02
   MAE RB                       point=+0.140 sd=0.106 lb_fail=0.04 fixed_bs=0.64 scaled_bs=0.04
   MAE WR                       point=+0.174 sd=0.109 lb_fail=0.26 fixed_bs=0.76 scaled_bs=0.20
   MAE TE                       point=+0.237 sd=0.103 lb_fail=0.46 fixed_bs=0.94 scaled_bs=0.52
   MAE tier_roll3 1-12          point=+0.117 sd=0.185 lb_fail=0.00 fixed_bs=0.50 scaled_bs=0.00
   MAE tier_roll3 13-36         point=+0.135 sd=0.118 lb_fail=0.06 fixed_bs=0.56 scaled_bs=0.00
   MAE tier_served 1-12         point=+0.089 sd=0.202 lb_fail=0.00 fixed_bs=0.46 scaled_bs=0.00
   MAE tier_served 13-36        point=+0.121 sd=0.156 lb_fail=0.06 fixed_bs=0.58 scaled_bs=0.04
   |bias| overall               point=+0.015 sd=0.099 lb_fail=0.00 fixed_bs=0.24 scaled_bs=0.00
   |bias| tier_roll3 1-12       point=+0.028 sd=0.070 lb_fail=0.00 fixed_bs=0.16 scaled_bs=0.16
   |bias| tier_roll3 13-36      point=+0.030 sd=0.181 lb_fail=0.00 fixed_bs=0.36 scaled_bs=0.00
   |bias| tier_roll3 37+        point=+0.007 sd=0.098 lb_fail=0.04 fixed_bs=0.16 scaled_bs=0.00
   |bias| tier_served 1-12      point=+0.030 sd=0.361 lb_fail=0.00 fixed_bs=0.36 scaled_bs=0.00
   |bias| tier_served 13-36     point=+0.017 sd=0.251 lb_fail=0.02 fixed_bs=0.32 scaled_bs=0.02
   |bias| tier_served 37+       point=+0.010 sd=0.092 lb_fail=0.02 fixed_bs=0.18 scaled_bs=0.00
   Spearman                     point=+0.029 sd=0.014 lb_fail=0.58 fixed_bs=0.00 scaled_bs=0.00

== regression: all QB rows, full-size noise  (R=100, B=1000)
   block rate: [any LB fail]=0.48  [>=2 LB fails]=0.29  [>=3 LB fails]=0.11  [any LB or fixed backstop]=0.98  [any scaled backstop]=0.32  [>=2 LB or any scaled backstop]=0.34  [>=3 LB or any scaled backstop]=0.32
   #LB-failing cells distribution: [52, 19, 18, 7, 2, 0, 2]
   RMSE                         point=+0.066 sd=0.049 lb_fail=0.08 fixed_bs=0.25 scaled_bs=0.06
   MAE QB                       point=+0.436 sd=0.217 lb_fail=0.34 fixed_bs=0.92 scaled_bs=0.28
   MAE RB                       point=-0.004 sd=0.083 lb_fail=0.01 fixed_bs=0.11 scaled_bs=0.00
   MAE WR                       point=-0.003 sd=0.049 lb_fail=0.00 fixed_bs=0.01 scaled_bs=0.00
   MAE TE                       point=-0.001 sd=0.044 lb_fail=0.00 fixed_bs=0.03 scaled_bs=0.00
   MAE tier_roll3 1-12          point=+0.086 sd=0.118 lb_fail=0.03 fixed_bs=0.41 scaled_bs=0.03
   MAE tier_roll3 13-36         point=+0.107 sd=0.078 lb_fail=0.06 fixed_bs=0.59 scaled_bs=0.04
   MAE tier_served 1-12         point=+0.097 sd=0.120 lb_fail=0.01 fixed_bs=0.49 scaled_bs=0.01
   MAE tier_served 13-36        point=+0.097 sd=0.096 lb_fail=0.06 fixed_bs=0.53 scaled_bs=0.04
   |bias| overall               point=+0.004 sd=0.093 lb_fail=0.04 fixed_bs=0.12 scaled_bs=0.00
   |bias| tier_roll3 1-12       point=+0.022 sd=0.137 lb_fail=0.00 fixed_bs=0.37 scaled_bs=0.00
   |bias| tier_roll3 13-36      point=-0.006 sd=0.167 lb_fail=0.02 fixed_bs=0.25 scaled_bs=0.00
   |bias| tier_roll3 37+        point=+0.006 sd=0.096 lb_fail=0.04 fixed_bs=0.15 scaled_bs=0.01
   |bias| tier_served 1-12      point=+0.012 sd=0.377 lb_fail=0.02 fixed_bs=0.42 scaled_bs=0.00
   |bias| tier_served 13-36     point=+0.008 sd=0.176 lb_fail=0.02 fixed_bs=0.28 scaled_bs=0.00
   |bias| tier_served 37+       point=-0.000 sd=0.066 lb_fail=0.01 fixed_bs=0.07 scaled_bs=0.00
   Spearman                     point=+0.009 sd=0.011 lb_fail=0.22 fixed_bs=0.00 scaled_bs=0.00

== regression, forward weeks 6-13: all QB rows, full-size noise  (R=50, B=1000)
   block rate: [any LB fail]=0.38  [>=2 LB fails]=0.22  [>=3 LB fails]=0.16  [any LB or fixed backstop]=1.00  [any scaled backstop]=0.24  [>=2 LB or any scaled backstop]=0.36  [>=3 LB or any scaled backstop]=0.30
   #LB-failing cells distribution: [31, 8, 3, 5, 2, 0, 1]
   RMSE                         point=+0.083 sd=0.094 lb_fail=0.10 fixed_bs=0.44 scaled_bs=0.02
   MAE QB                       point=+0.504 sd=0.295 lb_fail=0.22 fixed_bs=0.96 scaled_bs=0.10
   MAE RB                       point=-0.018 sd=0.108 lb_fail=0.00 fixed_bs=0.16 scaled_bs=0.00
   MAE WR                       point=+0.005 sd=0.098 lb_fail=0.02 fixed_bs=0.14 scaled_bs=0.00
   MAE TE                       point=+0.004 sd=0.081 lb_fail=0.00 fixed_bs=0.12 scaled_bs=0.00
   MAE tier_roll3 1-12          point=+0.068 sd=0.178 lb_fail=0.02 fixed_bs=0.40 scaled_bs=0.02
   MAE tier_roll3 13-36         point=+0.132 sd=0.110 lb_fail=0.06 fixed_bs=0.60 scaled_bs=0.02
   MAE tier_served 1-12         point=+0.052 sd=0.224 lb_fail=0.04 fixed_bs=0.42 scaled_bs=0.00
   MAE tier_served 13-36        point=+0.149 sd=0.134 lb_fail=0.06 fixed_bs=0.64 scaled_bs=0.02
   |bias| overall               point=+0.015 sd=0.115 lb_fail=0.06 fixed_bs=0.22 scaled_bs=0.00
   |bias| tier_roll3 1-12       point=+0.010 sd=0.068 lb_fail=0.00 fixed_bs=0.12 scaled_bs=0.12
   |bias| tier_roll3 13-36      point=-0.010 sd=0.218 lb_fail=0.00 fixed_bs=0.36 scaled_bs=0.00
   |bias| tier_roll3 37+        point=+0.002 sd=0.108 lb_fail=0.02 fixed_bs=0.20 scaled_bs=0.00
   |bias| tier_served 1-12      point=+0.055 sd=0.447 lb_fail=0.00 fixed_bs=0.44 scaled_bs=0.00
   |bias| tier_served 13-36     point=+0.026 sd=0.212 lb_fail=0.00 fixed_bs=0.36 scaled_bs=0.00
   |bias| tier_served 37+       point=-0.001 sd=0.071 lb_fail=0.02 fixed_bs=0.04 scaled_bs=0.00
   Spearman                     point=+0.017 sd=0.016 lb_fail=0.24 fixed_bs=0.00 scaled_bs=0.00

== regression: all QB rows, half-size noise  (R=100, B=1000)
   block rate: [any LB fail]=0.22  [>=2 LB fails]=0.07  [>=3 LB fails]=0.03  [any LB or fixed backstop]=0.88  [any scaled backstop]=0.00  [>=2 LB or any scaled backstop]=0.07  [>=3 LB or any scaled backstop]=0.03
   #LB-failing cells distribution: [78, 15, 4, 2, 1]
   RMSE                         point=+0.012 sd=0.046 lb_fail=0.00 fixed_bs=0.04 scaled_bs=0.00
   MAE QB                       point=+0.104 sd=0.195 lb_fail=0.04 fixed_bs=0.50 scaled_bs=0.00
   MAE RB                       point=-0.004 sd=0.083 lb_fail=0.01 fixed_bs=0.11 scaled_bs=0.00
   MAE WR                       point=-0.003 sd=0.049 lb_fail=0.00 fixed_bs=0.01 scaled_bs=0.00
   MAE TE                       point=-0.001 sd=0.044 lb_fail=0.00 fixed_bs=0.03 scaled_bs=0.00
   MAE tier_roll3 1-12          point=+0.006 sd=0.115 lb_fail=0.01 fixed_bs=0.21 scaled_bs=0.00
   MAE tier_roll3 13-36         point=+0.028 sd=0.074 lb_fail=0.00 fixed_bs=0.16 scaled_bs=0.00
   MAE tier_served 1-12         point=+0.019 sd=0.112 lb_fail=0.01 fixed_bs=0.22 scaled_bs=0.00
   MAE tier_served 13-36        point=+0.019 sd=0.091 lb_fail=0.03 fixed_bs=0.16 scaled_bs=0.00
   |bias| overall               point=+0.002 sd=0.092 lb_fail=0.03 fixed_bs=0.13 scaled_bs=0.00
   |bias| tier_roll3 1-12       point=+0.012 sd=0.136 lb_fail=0.00 fixed_bs=0.38 scaled_bs=0.00
   |bias| tier_roll3 13-36      point=-0.009 sd=0.166 lb_fail=0.02 fixed_bs=0.25 scaled_bs=0.00
   |bias| tier_roll3 37+        point=+0.006 sd=0.096 lb_fail=0.04 fixed_bs=0.15 scaled_bs=0.00
   |bias| tier_served 1-12      point=+0.007 sd=0.370 lb_fail=0.02 fixed_bs=0.40 scaled_bs=0.00
   |bias| tier_served 13-36     point=+0.005 sd=0.175 lb_fail=0.02 fixed_bs=0.26 scaled_bs=0.00
   |bias| tier_served 37+       point=-0.000 sd=0.066 lb_fail=0.01 fixed_bs=0.07 scaled_bs=0.00
   Spearman                     point=+0.002 sd=0.010 lb_fail=0.09 fixed_bs=0.00 scaled_bs=0.00

== regression, forward weeks 6-13: all QB rows, half-size noise  (R=50, B=1000)
   block rate: [any LB fail]=0.26  [>=2 LB fails]=0.08  [>=3 LB fails]=0.06  [any LB or fixed backstop]=0.94  [any scaled backstop]=0.00  [>=2 LB or any scaled backstop]=0.08  [>=3 LB or any scaled backstop]=0.06
   #LB-failing cells distribution: [37, 9, 1, 2, 0, 1]
   RMSE                         point=+0.029 sd=0.090 lb_fail=0.06 fixed_bs=0.22 scaled_bs=0.00
   MAE QB                       point=+0.186 sd=0.286 lb_fail=0.04 fixed_bs=0.52 scaled_bs=0.00
   MAE RB                       point=-0.018 sd=0.108 lb_fail=0.00 fixed_bs=0.16 scaled_bs=0.00
   MAE WR                       point=+0.005 sd=0.098 lb_fail=0.02 fixed_bs=0.14 scaled_bs=0.00
   MAE TE                       point=+0.004 sd=0.081 lb_fail=0.00 fixed_bs=0.12 scaled_bs=0.00
   MAE tier_roll3 1-12          point=-0.001 sd=0.172 lb_fail=0.00 fixed_bs=0.26 scaled_bs=0.00
   MAE tier_roll3 13-36         point=+0.052 sd=0.109 lb_fail=0.02 fixed_bs=0.28 scaled_bs=0.00
   MAE tier_served 1-12         point=-0.014 sd=0.223 lb_fail=0.00 fixed_bs=0.34 scaled_bs=0.00
   MAE tier_served 13-36        point=+0.070 sd=0.129 lb_fail=0.02 fixed_bs=0.44 scaled_bs=0.00
   |bias| overall               point=+0.016 sd=0.114 lb_fail=0.08 fixed_bs=0.22 scaled_bs=0.00
   |bias| tier_roll3 1-12       point=+0.003 sd=0.039 lb_fail=0.00 fixed_bs=0.00 scaled_bs=0.00
   |bias| tier_roll3 13-36      point=-0.007 sd=0.213 lb_fail=0.02 fixed_bs=0.34 scaled_bs=0.00
   |bias| tier_roll3 37+        point=+0.002 sd=0.108 lb_fail=0.00 fixed_bs=0.20 scaled_bs=0.00
   |bias| tier_served 1-12      point=+0.059 sd=0.442 lb_fail=0.00 fixed_bs=0.44 scaled_bs=0.00
   |bias| tier_served 13-36     point=+0.026 sd=0.215 lb_fail=0.00 fixed_bs=0.28 scaled_bs=0.00
   |bias| tier_served 37+       point=-0.001 sd=0.071 lb_fail=0.02 fixed_bs=0.04 scaled_bs=0.00
   Spearman                     point=+0.009 sd=0.016 lb_fail=0.16 fixed_bs=0.00 scaled_bs=0.00

== regression: top-12 (rolling-3) rows, half-size noise  (R=100, B=1000)
   block rate: [any LB fail]=0.20  [>=2 LB fails]=0.07  [>=3 LB fails]=0.02  [any LB or fixed backstop]=0.91  [any scaled backstop]=0.04  [>=2 LB or any scaled backstop]=0.07  [>=3 LB or any scaled backstop]=0.06
   #LB-failing cells distribution: [80, 13, 5, 1, 1]
   RMSE                         point=+0.019 sd=0.047 lb_fail=0.02 fixed_bs=0.05 scaled_bs=0.00
   MAE QB                       point=+0.012 sd=0.184 lb_fail=0.00 fixed_bs=0.29 scaled_bs=0.00
   MAE RB                       point=+0.007 sd=0.085 lb_fail=0.01 fixed_bs=0.12 scaled_bs=0.01
   MAE WR                       point=+0.006 sd=0.050 lb_fail=0.00 fixed_bs=0.01 scaled_bs=0.00
   MAE TE                       point=+0.022 sd=0.045 lb_fail=0.01 fixed_bs=0.06 scaled_bs=0.00
   MAE tier_roll3 1-12          point=+0.092 sd=0.122 lb_fail=0.04 fixed_bs=0.45 scaled_bs=0.01
   MAE tier_roll3 13-36         point=-0.004 sd=0.072 lb_fail=0.00 fixed_bs=0.06 scaled_bs=0.00
   MAE tier_served 1-12         point=+0.055 sd=0.117 lb_fail=0.01 fixed_bs=0.36 scaled_bs=0.01
   MAE tier_served 13-36        point=+0.010 sd=0.091 lb_fail=0.02 fixed_bs=0.13 scaled_bs=0.01
   |bias| overall               point=+0.001 sd=0.093 lb_fail=0.03 fixed_bs=0.12 scaled_bs=0.00
   |bias| tier_roll3 1-12       point=+0.010 sd=0.137 lb_fail=0.00 fixed_bs=0.33 scaled_bs=0.00
   |bias| tier_roll3 13-36      point=-0.013 sd=0.167 lb_fail=0.02 fixed_bs=0.22 scaled_bs=0.00
   |bias| tier_roll3 37+        point=+0.006 sd=0.095 lb_fail=0.03 fixed_bs=0.14 scaled_bs=0.00
   |bias| tier_served 1-12      point=+0.004 sd=0.369 lb_fail=0.02 fixed_bs=0.40 scaled_bs=0.00
   |bias| tier_served 13-36     point=+0.001 sd=0.177 lb_fail=0.02 fixed_bs=0.25 scaled_bs=0.00
   |bias| tier_served 37+       point=-0.001 sd=0.066 lb_fail=0.01 fixed_bs=0.09 scaled_bs=0.00
   Spearman                     point=+0.001 sd=0.009 lb_fail=0.06 fixed_bs=0.00 scaled_bs=0.00

== regression, forward weeks 6-13: top-12 (rolling-3) rows, half-size noise  (R=50, B=1000)
   block rate: [any LB fail]=0.24  [>=2 LB fails]=0.10  [>=3 LB fails]=0.06  [any LB or fixed backstop]=0.96  [any scaled backstop]=0.06  [>=2 LB or any scaled backstop]=0.16  [>=3 LB or any scaled backstop]=0.12
   #LB-failing cells distribution: [38, 7, 2, 3]
   RMSE                         point=+0.037 sd=0.087 lb_fail=0.04 fixed_bs=0.34 scaled_bs=0.00
   MAE QB                       point=+0.085 sd=0.298 lb_fail=0.02 fixed_bs=0.48 scaled_bs=0.00
   MAE RB                       point=+0.003 sd=0.111 lb_fail=0.00 fixed_bs=0.16 scaled_bs=0.00
   MAE WR                       point=+0.016 sd=0.097 lb_fail=0.02 fixed_bs=0.16 scaled_bs=0.00
   MAE TE                       point=+0.021 sd=0.084 lb_fail=0.02 fixed_bs=0.16 scaled_bs=0.00
   MAE tier_roll3 1-12          point=+0.096 sd=0.176 lb_fail=0.04 fixed_bs=0.54 scaled_bs=0.02
   MAE tier_roll3 13-36         point=+0.015 sd=0.110 lb_fail=0.02 fixed_bs=0.22 scaled_bs=0.00
   MAE tier_served 1-12         point=+0.026 sd=0.222 lb_fail=0.00 fixed_bs=0.38 scaled_bs=0.00
   MAE tier_served 13-36        point=+0.061 sd=0.129 lb_fail=0.00 fixed_bs=0.40 scaled_bs=0.00
   |bias| overall               point=+0.016 sd=0.114 lb_fail=0.06 fixed_bs=0.20 scaled_bs=0.00
   |bias| tier_roll3 1-12       point=-0.003 sd=0.060 lb_fail=0.00 fixed_bs=0.04 scaled_bs=0.04
   |bias| tier_roll3 13-36      point=-0.005 sd=0.212 lb_fail=0.02 fixed_bs=0.36 scaled_bs=0.00
   |bias| tier_roll3 37+        point=+0.001 sd=0.108 lb_fail=0.00 fixed_bs=0.18 scaled_bs=0.00
   |bias| tier_served 1-12      point=+0.063 sd=0.438 lb_fail=0.00 fixed_bs=0.44 scaled_bs=0.00
   |bias| tier_served 13-36     point=+0.025 sd=0.221 lb_fail=0.00 fixed_bs=0.32 scaled_bs=0.00
   |bias| tier_served 37+       point=-0.001 sd=0.071 lb_fail=0.00 fixed_bs=0.04 scaled_bs=0.00
   Spearman                     point=+0.009 sd=0.016 lb_fail=0.16 fixed_bs=0.00 scaled_bs=0.00

== regression: all rows, quarter-size noise  (R=100, B=1000)
   block rate: [any LB fail]=0.47  [>=2 LB fails]=0.11  [>=3 LB fails]=0.04  [any LB or fixed backstop]=0.94  [any scaled backstop]=0.13  [>=2 LB or any scaled backstop]=0.19  [>=3 LB or any scaled backstop]=0.13
   #LB-failing cells distribution: [53, 36, 7, 2, 2]
   RMSE                         point=+0.036 sd=0.047 lb_fail=0.05 fixed_bs=0.09 scaled_bs=0.01
   MAE QB                       point=+0.010 sd=0.186 lb_fail=0.00 fixed_bs=0.31 scaled_bs=0.00
   MAE RB                       point=+0.043 sd=0.086 lb_fail=0.03 fixed_bs=0.25 scaled_bs=0.01
   MAE WR                       point=+0.051 sd=0.051 lb_fail=0.02 fixed_bs=0.21 scaled_bs=0.00
   MAE TE                       point=+0.086 sd=0.045 lb_fail=0.11 fixed_bs=0.31 scaled_bs=0.09
   MAE tier_roll3 1-12          point=+0.006 sd=0.117 lb_fail=0.01 fixed_bs=0.22 scaled_bs=0.00
   MAE tier_roll3 13-36         point=+0.030 sd=0.076 lb_fail=0.00 fixed_bs=0.18 scaled_bs=0.00
   MAE tier_served 1-12         point=+0.017 sd=0.112 lb_fail=0.01 fixed_bs=0.24 scaled_bs=0.00
   MAE tier_served 13-36        point=+0.020 sd=0.092 lb_fail=0.02 fixed_bs=0.18 scaled_bs=0.01
   |bias| overall               point=+0.001 sd=0.092 lb_fail=0.03 fixed_bs=0.12 scaled_bs=0.00
   |bias| tier_roll3 1-12       point=+0.007 sd=0.135 lb_fail=0.00 fixed_bs=0.36 scaled_bs=0.00
   |bias| tier_roll3 13-36      point=-0.013 sd=0.164 lb_fail=0.02 fixed_bs=0.21 scaled_bs=0.00
   |bias| tier_roll3 37+        point=+0.006 sd=0.096 lb_fail=0.04 fixed_bs=0.16 scaled_bs=0.01
   |bias| tier_served 1-12      point=+0.002 sd=0.367 lb_fail=0.02 fixed_bs=0.40 scaled_bs=0.00
   |bias| tier_served 13-36     point=+0.004 sd=0.174 lb_fail=0.01 fixed_bs=0.29 scaled_bs=0.00
   |bias| tier_served 37+       point=-0.001 sd=0.065 lb_fail=0.00 fixed_bs=0.08 scaled_bs=0.00
   Spearman                     point=+0.010 sd=0.010 lb_fail=0.27 fixed_bs=0.00 scaled_bs=0.00

== regression, forward weeks 6-13: all rows, quarter-size noise  (R=50, B=1000)
   block rate: [any LB fail]=0.34  [>=2 LB fails]=0.14  [>=3 LB fails]=0.04  [any LB or fixed backstop]=0.96  [any scaled backstop]=0.08  [>=2 LB or any scaled backstop]=0.20  [>=3 LB or any scaled backstop]=0.10
   #LB-failing cells distribution: [33, 10, 5, 2]
   RMSE                         point=+0.054 sd=0.087 lb_fail=0.06 fixed_bs=0.34 scaled_bs=0.02
   MAE QB                       point=+0.097 sd=0.286 lb_fail=0.02 fixed_bs=0.48 scaled_bs=0.00
   MAE RB                       point=+0.033 sd=0.114 lb_fail=0.00 fixed_bs=0.30 scaled_bs=0.00
   MAE WR                       point=+0.058 sd=0.098 lb_fail=0.04 fixed_bs=0.36 scaled_bs=0.02
   MAE TE                       point=+0.084 sd=0.085 lb_fail=0.04 fixed_bs=0.46 scaled_bs=0.06
   MAE tier_roll3 1-12          point=+0.009 sd=0.174 lb_fail=0.00 fixed_bs=0.26 scaled_bs=0.00
   MAE tier_roll3 13-36         point=+0.049 sd=0.113 lb_fail=0.02 fixed_bs=0.30 scaled_bs=0.00
   MAE tier_served 1-12         point=-0.010 sd=0.227 lb_fail=0.00 fixed_bs=0.32 scaled_bs=0.00
   MAE tier_served 13-36        point=+0.068 sd=0.130 lb_fail=0.00 fixed_bs=0.40 scaled_bs=0.00
   |bias| overall               point=+0.015 sd=0.112 lb_fail=0.02 fixed_bs=0.20 scaled_bs=0.00
   |bias| tier_roll3 1-12       point=-0.005 sd=0.036 lb_fail=0.00 fixed_bs=0.00 scaled_bs=0.00
   |bias| tier_roll3 13-36      point=-0.007 sd=0.206 lb_fail=0.02 fixed_bs=0.34 scaled_bs=0.00
   |bias| tier_roll3 37+        point=+0.000 sd=0.108 lb_fail=0.02 fixed_bs=0.18 scaled_bs=0.00
   |bias| tier_served 1-12      point=+0.060 sd=0.439 lb_fail=0.00 fixed_bs=0.42 scaled_bs=0.00
   |bias| tier_served 13-36     point=+0.026 sd=0.213 lb_fail=0.00 fixed_bs=0.32 scaled_bs=0.00
   |bias| tier_served 37+       point=-0.003 sd=0.076 lb_fail=0.00 fixed_bs=0.04 scaled_bs=0.00
   Spearman                     point=+0.017 sd=0.016 lb_fail=0.28 fixed_bs=0.00 scaled_bs=0.00

== regression: bias pushed 0.3 further from zero  (R=100, B=1000)
   block rate: [any LB fail]=1.00  [>=2 LB fails]=0.97  [>=3 LB fails]=0.94  [any LB or fixed backstop]=1.00  [any scaled backstop]=0.98  [>=2 LB or any scaled backstop]=0.98  [>=3 LB or any scaled backstop]=0.98
   #LB-failing cells distribution: [0, 3, 3, 35, 28, 21, 9, 0, 1]
   RMSE                         point=+0.040 sd=0.046 lb_fail=0.05 fixed_bs=0.11 scaled_bs=0.02
   MAE QB                       point=+0.032 sd=0.176 lb_fail=0.00 fixed_bs=0.37 scaled_bs=0.00
   MAE RB                       point=-0.013 sd=0.070 lb_fail=0.01 fixed_bs=0.05 scaled_bs=0.00
   MAE WR                       point=-0.033 sd=0.048 lb_fail=0.00 fixed_bs=0.00 scaled_bs=0.00
   MAE TE                       point=-0.034 sd=0.051 lb_fail=0.00 fixed_bs=0.00 scaled_bs=0.00
   MAE tier_roll3 1-12          point=-0.026 sd=0.128 lb_fail=0.00 fixed_bs=0.21 scaled_bs=0.00
   MAE tier_roll3 13-36         point=+0.003 sd=0.081 lb_fail=0.00 fixed_bs=0.10 scaled_bs=0.00
   MAE tier_served 1-12         point=-0.000 sd=0.121 lb_fail=0.00 fixed_bs=0.20 scaled_bs=0.00
   MAE tier_served 13-36        point=+0.002 sd=0.084 lb_fail=0.00 fixed_bs=0.08 scaled_bs=0.00
   |bias| overall               point=+0.300 sd=0.078 lb_fail=0.94 fixed_bs=0.99 scaled_bs=0.74
   |bias| tier_roll3 1-12       point=+0.258 sd=0.216 lb_fail=0.00 fixed_bs=0.82 scaled_bs=0.34
   |bias| tier_roll3 13-36      point=+0.312 sd=0.157 lb_fail=0.46 fixed_bs=0.93 scaled_bs=0.08
   |bias| tier_roll3 37+        point=+0.294 sd=0.079 lb_fail=0.95 fixed_bs=0.99 scaled_bs=0.57
   |bias| tier_served 1-12      point=+0.319 sd=0.355 lb_fail=0.11 fixed_bs=0.72 scaled_bs=0.02
   |bias| tier_served 13-36     point=+0.285 sd=0.161 lb_fail=0.38 fixed_bs=0.90 scaled_bs=0.02
   |bias| tier_served 37+       point=+0.303 sd=0.062 lb_fail=1.00 fixed_bs=1.00 scaled_bs=0.96
   Spearman                     point=-0.001 sd=0.009 lb_fail=0.03 fixed_bs=0.00 scaled_bs=0.00

== regression, forward weeks 6-13: bias pushed 0.3 further from zero  (R=50, B=1000)
   block rate: [any LB fail]=1.00  [>=2 LB fails]=0.96  [>=3 LB fails]=0.74  [any LB or fixed backstop]=1.00  [any scaled backstop]=0.94  [>=2 LB or any scaled backstop]=1.00  [>=3 LB or any scaled backstop]=0.98
   #LB-failing cells distribution: [0, 2, 11, 19, 11, 7]
   RMSE                         point=+0.040 sd=0.082 lb_fail=0.02 fixed_bs=0.24 scaled_bs=0.00
   MAE QB                       point=+0.072 sd=0.263 lb_fail=0.00 fixed_bs=0.44 scaled_bs=0.00
   MAE RB                       point=-0.017 sd=0.083 lb_fail=0.00 fixed_bs=0.08 scaled_bs=0.00
   MAE WR                       point=-0.036 sd=0.088 lb_fail=0.00 fixed_bs=0.04 scaled_bs=0.00
   MAE TE                       point=-0.053 sd=0.084 lb_fail=0.00 fixed_bs=0.00 scaled_bs=0.00
   MAE tier_roll3 1-12          point=-0.005 sd=0.177 lb_fail=0.00 fixed_bs=0.30 scaled_bs=0.00
   MAE tier_roll3 13-36         point=-0.016 sd=0.127 lb_fail=0.00 fixed_bs=0.26 scaled_bs=0.00
   MAE tier_served 1-12         point=-0.014 sd=0.213 lb_fail=0.00 fixed_bs=0.34 scaled_bs=0.00
   MAE tier_served 13-36        point=+0.001 sd=0.134 lb_fail=0.00 fixed_bs=0.26 scaled_bs=0.00
   |bias| overall               point=+0.305 sd=0.104 lb_fail=0.84 fixed_bs=0.98 scaled_bs=0.56
   |bias| tier_roll3 1-12       point=+0.163 sd=0.199 lb_fail=0.00 fixed_bs=0.68 scaled_bs=0.68
   |bias| tier_roll3 13-36      point=+0.291 sd=0.194 lb_fail=0.24 fixed_bs=0.88 scaled_bs=0.06
   |bias| tier_roll3 37+        point=+0.309 sd=0.112 lb_fail=0.86 fixed_bs=0.96 scaled_bs=0.40
   |bias| tier_served 1-12      point=+0.308 sd=0.411 lb_fail=0.00 fixed_bs=0.72 scaled_bs=0.02
   |bias| tier_served 13-36     point=+0.314 sd=0.248 lb_fail=0.28 fixed_bs=0.80 scaled_bs=0.12
   |bias| tier_served 37+       point=+0.300 sd=0.079 lb_fail=0.94 fixed_bs=1.00 scaled_bs=0.74
   Spearman                     point=+0.003 sd=0.011 lb_fail=0.02 fixed_bs=0.00 scaled_bs=0.00

G1 pooled MAE, two-way bootstrap: one-sided 95% half-width median=0.094

wrote data/experiments/selection_rule_checks_amended_20261008/report.json
